Fri Jul  3 03:25:06 PM EDT 2026
c0704a-s11.ufhpc
Warning: X does not support locale en_US.UTF-8

fcut_dim =

    14


t_end_dim =

    10


Ldim =

     2


N =

        8000


MNOISE =

        1000


F0_noise =

    0.0250


Re_input =

   19.3000


theta =

    6.4000


rho =

        1072


mu =

    0.0067


gamma =

    0.0670


t_save =

    0.0100

hN = 1.2591e-03 m
uN = 9.6234e-02 m/s
TN = 1.3083e-02 s
F2 = 0.7498, We = 0.1866, Re = 19.3000, Ca = 0.0097
fcut_noise nondim = 1.8317e-01
dx = 1.9856e-01, dt = 3.8217e-03, nsteps = 200000
Fontconfig warning: "/usr/share/fontconfig/conf.avail/05-reset-dirs-sample.conf", line 6: unknown element "reset-dirs"
Fontconfig warning: "/usr/share/fontconfig/conf.avail/05-reset-dirs-sample.conf", line 6: unknown element "reset-dirs"
Initializing white noise phases...
[2026-07-04T03:35:07.015] error: *** JOB 36318119 ON c0704a-s11 CANCELLED AT 2026-07-04T03:35:07 DUE TO TIME LIMIT ***
